// Vitest Snapshot v1, https://vitest.dev/guide/snapshot.html

exports[`SearchPage > should call search action with same params 1`] = `
<div>
  <div
    data-testid="custom-jumbotron"
  />
  <nav
    aria-label="breadcrumb"
    class="my-4"
    data-slot="breadcrumb"
  >
    <ol
      class="flex-wrap break-words sm:gap-2.5 flex items-center gap-2 text-sm font-medium text-gray-500"
      data-slot="breadcrumb-list"
    >
      <li
        class="inline-flex items-center gap-1.5"
        data-slot="breadcrumb-item"
      >
        <a
          class="hover:text-foreground transition-colors transition-colors hover:text-green-600"
          data-discover="true"
          data-slot="breadcrumb-link"
          href="/"
        >
          Inicio
        </a>
      </li>
      <li
        aria-hidden="true"
        class="[&>svg]:size-3.5"
        data-slot="breadcrumb-separator"
        role="presentation"
      >
        <svg
          aria-hidden="true"
          class="lucide lucide-slash h-4 w-4 text-gray-400"
          fill="none"
          height="24"
          stroke="currentColor"
          stroke-linecap="round"
          stroke-linejoin="round"
          stroke-width="2"
          viewBox="0 0 24 24"
          width="24"
          xmlns="http://www.w3.org/2000/svg"
        >
          <path
            d="M22 2 2 22"
          />
        </svg>
      </li>
      <li
        class="inline-flex items-center gap-1.5"
        data-slot="breadcrumb-item"
      >
        <a
          class="hover:text-foreground transition-colors cursor-pointer transition-colors cursor-pointer hover:text-green-600 "
          data-discover="true"
          data-slot="breadcrumb-link"
          href="/heroes"
        >
          Superhéroes
        </a>
      </li>
      <li
        aria-hidden="true"
        class="[&>svg]:size-3.5"
        data-slot="breadcrumb-separator"
        role="presentation"
      >
        <svg
          aria-hidden="true"
          class="lucide lucide-slash h-4 w-4 text-gray-400"
          fill="none"
          height="24"
          stroke="currentColor"
          stroke-linecap="round"
          stroke-linejoin="round"
          stroke-width="2"
          viewBox="0 0 24 24"
          width="24"
          xmlns="http://www.w3.org/2000/svg"
        >
          <path
            d="M22 2 2 22"
          />
        </svg>
      </li>
      <li
        class="inline-flex items-center gap-1.5"
        data-slot="breadcrumb-item"
      >
        <a
          class="transition-colors text-black hover:text-green-600"
          data-slot="breadcrumb-link"
        >
          Buscador de heroes
        </a>
      </li>
    </ol>
  </nav>
  <div
    class="text-2xl font-bold text-center"
  >
    Loading...
  </div>
  <div
    data-testid="search-controls"
  />
  <div
    data-testid="hero-grid"
  />
</div>
`;

exports[`SearchPage > should call search action with strength and name parameters 1`] = `
<div>
  <div
    data-testid="custom-jumbotron"
  />
  <nav
    aria-label="breadcrumb"
    class="my-4"
    data-slot="breadcrumb"
  >
    <ol
      class="flex-wrap break-words sm:gap-2.5 flex items-center gap-2 text-sm font-medium text-gray-500"
      data-slot="breadcrumb-list"
    >
      <li
        class="inline-flex items-center gap-1.5"
        data-slot="breadcrumb-item"
      >
        <a
          class="hover:text-foreground transition-colors transition-colors hover:text-green-600"
          data-discover="true"
          data-slot="breadcrumb-link"
          href="/"
        >
          Inicio
        </a>
      </li>
      <li
        aria-hidden="true"
        class="[&>svg]:size-3.5"
        data-slot="breadcrumb-separator"
        role="presentation"
      >
        <svg
          aria-hidden="true"
          class="lucide lucide-slash h-4 w-4 text-gray-400"
          fill="none"
          height="24"
          stroke="currentColor"
          stroke-linecap="round"
          stroke-linejoin="round"
          stroke-width="2"
          viewBox="0 0 24 24"
          width="24"
          xmlns="http://www.w3.org/2000/svg"
        >
          <path
            d="M22 2 2 22"
          />
        </svg>
      </li>
      <li
        class="inline-flex items-center gap-1.5"
        data-slot="breadcrumb-item"
      >
        <a
          class="hover:text-foreground transition-colors cursor-pointer transition-colors cursor-pointer hover:text-green-600 "
          data-discover="true"
          data-slot="breadcrumb-link"
          href="/heroes"
        >
          Superhéroes
        </a>
      </li>
      <li
        aria-hidden="true"
        class="[&>svg]:size-3.5"
        data-slot="breadcrumb-separator"
        role="presentation"
      >
        <svg
          aria-hidden="true"
          class="lucide lucide-slash h-4 w-4 text-gray-400"
          fill="none"
          height="24"
          stroke="currentColor"
          stroke-linecap="round"
          stroke-linejoin="round"
          stroke-width="2"
          viewBox="0 0 24 24"
          width="24"
          xmlns="http://www.w3.org/2000/svg"
        >
          <path
            d="M22 2 2 22"
          />
        </svg>
      </li>
      <li
        class="inline-flex items-center gap-1.5"
        data-slot="breadcrumb-item"
      >
        <a
          class="transition-colors text-black hover:text-green-600"
          data-slot="breadcrumb-link"
        >
          Buscador de heroes
        </a>
      </li>
    </ol>
  </nav>
  <div
    class="text-2xl font-bold text-center"
  >
    Loading...
  </div>
  <div
    data-testid="search-controls"
  />
  <div
    data-testid="hero-grid"
  />
</div>
`;

exports[`SearchPage > should call search action with strength param 1`] = `
<div>
  <div
    data-testid="custom-jumbotron"
  />
  <nav
    aria-label="breadcrumb"
    class="my-4"
    data-slot="breadcrumb"
  >
    <ol
      class="flex-wrap break-words sm:gap-2.5 flex items-center gap-2 text-sm font-medium text-gray-500"
      data-slot="breadcrumb-list"
    >
      <li
        class="inline-flex items-center gap-1.5"
        data-slot="breadcrumb-item"
      >
        <a
          class="hover:text-foreground transition-colors transition-colors hover:text-green-600"
          data-discover="true"
          data-slot="breadcrumb-link"
          href="/"
        >
          Inicio
        </a>
      </li>
      <li
        aria-hidden="true"
        class="[&>svg]:size-3.5"
        data-slot="breadcrumb-separator"
        role="presentation"
      >
        <svg
          aria-hidden="true"
          class="lucide lucide-slash h-4 w-4 text-gray-400"
          fill="none"
          height="24"
          stroke="currentColor"
          stroke-linecap="round"
          stroke-linejoin="round"
          stroke-width="2"
          viewBox="0 0 24 24"
          width="24"
          xmlns="http://www.w3.org/2000/svg"
        >
          <path
            d="M22 2 2 22"
          />
        </svg>
      </li>
      <li
        class="inline-flex items-center gap-1.5"
        data-slot="breadcrumb-item"
      >
        <a
          class="hover:text-foreground transition-colors cursor-pointer transition-colors cursor-pointer hover:text-green-600 "
          data-discover="true"
          data-slot="breadcrumb-link"
          href="/heroes"
        >
          Superhéroes
        </a>
      </li>
      <li
        aria-hidden="true"
        class="[&>svg]:size-3.5"
        data-slot="breadcrumb-separator"
        role="presentation"
      >
        <svg
          aria-hidden="true"
          class="lucide lucide-slash h-4 w-4 text-gray-400"
          fill="none"
          height="24"
          stroke="currentColor"
          stroke-linecap="round"
          stroke-linejoin="round"
          stroke-width="2"
          viewBox="0 0 24 24"
          width="24"
          xmlns="http://www.w3.org/2000/svg"
        >
          <path
            d="M22 2 2 22"
          />
        </svg>
      </li>
      <li
        class="inline-flex items-center gap-1.5"
        data-slot="breadcrumb-item"
      >
        <a
          class="transition-colors text-black hover:text-green-600"
          data-slot="breadcrumb-link"
        >
          Buscador de heroes
        </a>
      </li>
    </ol>
  </nav>
  <div
    class="text-2xl font-bold text-center"
  >
    Loading...
  </div>
  <div
    data-testid="search-controls"
  />
  <div
    data-testid="hero-grid"
  />
</div>
`;

exports[`SearchPage > should render search page with default values 1`] = `
<div>
  <div
    data-testid="custom-jumbotron"
  />
  <nav
    aria-label="breadcrumb"
    class="my-4"
    data-slot="breadcrumb"
  >
    <ol
      class="flex-wrap break-words sm:gap-2.5 flex items-center gap-2 text-sm font-medium text-gray-500"
      data-slot="breadcrumb-list"
    >
      <li
        class="inline-flex items-center gap-1.5"
        data-slot="breadcrumb-item"
      >
        <a
          class="hover:text-foreground transition-colors transition-colors hover:text-green-600"
          data-discover="true"
          data-slot="breadcrumb-link"
          href="/"
        >
          Inicio
        </a>
      </li>
      <li
        aria-hidden="true"
        class="[&>svg]:size-3.5"
        data-slot="breadcrumb-separator"
        role="presentation"
      >
        <svg
          aria-hidden="true"
          class="lucide lucide-slash h-4 w-4 text-gray-400"
          fill="none"
          height="24"
          stroke="currentColor"
          stroke-linecap="round"
          stroke-linejoin="round"
          stroke-width="2"
          viewBox="0 0 24 24"
          width="24"
          xmlns="http://www.w3.org/2000/svg"
        >
          <path
            d="M22 2 2 22"
          />
        </svg>
      </li>
      <li
        class="inline-flex items-center gap-1.5"
        data-slot="breadcrumb-item"
      >
        <a
          class="hover:text-foreground transition-colors cursor-pointer transition-colors cursor-pointer hover:text-green-600 "
          data-discover="true"
          data-slot="breadcrumb-link"
          href="/heroes"
        >
          Superhéroes
        </a>
      </li>
      <li
        aria-hidden="true"
        class="[&>svg]:size-3.5"
        data-slot="breadcrumb-separator"
        role="presentation"
      >
        <svg
          aria-hidden="true"
          class="lucide lucide-slash h-4 w-4 text-gray-400"
          fill="none"
          height="24"
          stroke="currentColor"
          stroke-linecap="round"
          stroke-linejoin="round"
          stroke-width="2"
          viewBox="0 0 24 24"
          width="24"
          xmlns="http://www.w3.org/2000/svg"
        >
          <path
            d="M22 2 2 22"
          />
        </svg>
      </li>
      <li
        class="inline-flex items-center gap-1.5"
        data-slot="breadcrumb-item"
      >
        <a
          class="transition-colors text-black hover:text-green-600"
          data-slot="breadcrumb-link"
        >
          Buscador de heroes
        </a>
      </li>
    </ol>
  </nav>
  <div
    class="text-2xl font-bold text-center"
  >
    Loading...
  </div>
  <div
    data-testid="search-controls"
  />
  <div
    data-testid="hero-grid"
  />
</div>
`;
